S7.0 N=8 site=goeppingen_I complete
S7.0 N=8 site=skyhubfr complete
S7.0 N=8 site=BGSOFIAMLADOST01 complete
S7.0 N=8 site=Bandon_Oregon_GAP1 complete
S7.0 N=8 site=EDLV complete
S7.0 N=8 site=vlenders_burgdorf complete
S7.0 N=8 site=Andrew_GVA complete
S7.0 N=8 site=donostia-ategorrieta complete
S7.0 N=8 site=alcorcon1 complete
S7.0 N=8 site=Valbella complete
S7.0 N=8 site=scalessio complete
S7.0 N=8 site=HuldOne complete
S7.0 N=8 site=BZ_Italy complete
S7.0 N=8 site=SP8AKM complete
S7.0 N=8 site=miguel_murcia complete
S7.0 N=8 site=Rapallo_Electrosense complete
S7.0 N=8 site=Zagreb complete
S7.0 N=8 site=Nudelsalat_RPi complete
S7.0 N=8 site=bcn-L complete
S7.0 N=8 site=Espi1 complete
S7.0 N=8 site=Sashatka complete
S7.0 N=8 site=NFM-Electrosense-01 complete
S7.0 N=8 site=imdea_adsb complete
S7.0 N=8 site=dipolkurz complete
S7.0 N=8 site=CYD_EPFL_S complete
S7.0 N=8 site=Giansense complete
S7.0 N=8 site=Britof complete
S7.0 N=8 site=Defcon1 complete
S7.0 N=8 site=Oreland complete
S7.0 N=8 site=PiSDR1 complete
S7.0 N=8 site=Skap_French_Riviera complete
S7.0 N=8 site=Geneva complete
S7.0 N=8 site=URJC1 complete
S7.0 N=8 site=Princeton1 complete
S7.0 N=16 site=goeppingen_I complete
S7.0 N=16 site=skyhubfr complete
S7.0 N=16 site=BGSOFIAMLADOST01 complete
S7.0 N=16 site=Bandon_Oregon_GAP1 complete
S7.0 N=16 site=EDLV complete
S7.0 N=16 site=vlenders_burgdorf complete
S7.0 N=16 site=Andrew_GVA complete
S7.0 N=16 site=donostia-ategorrieta complete
S7.0 N=16 site=alcorcon1 complete
S7.0 N=16 site=Valbella complete
S7.0 N=16 site=scalessio complete
S7.0 N=16 site=HuldOne complete
S7.0 N=16 site=BZ_Italy complete
S7.0 N=16 site=SP8AKM complete
S7.0 N=16 site=miguel_murcia complete
S7.0 N=16 site=Rapallo_Electrosense complete
S7.0 N=16 site=Zagreb complete
S7.0 N=16 site=Nudelsalat_RPi complete
S7.0 N=16 site=bcn-L complete
S7.0 N=16 site=Espi1 complete
S7.0 N=16 site=Sashatka complete
S7.0 N=16 site=NFM-Electrosense-01 complete
S7.0 N=16 site=imdea_adsb complete
S7.0 N=16 site=dipolkurz complete
S7.0 N=16 site=CYD_EPFL_S complete
S7.0 N=16 site=Giansense complete
S7.0 N=16 site=Britof complete
S7.0 N=16 site=Defcon1 complete
S7.0 N=16 site=Oreland complete
S7.0 N=16 site=PiSDR1 complete
S7.0 N=16 site=Skap_French_Riviera complete
S7.0 N=16 site=Geneva complete
S7.0 N=16 site=URJC1 complete
S7.0 N=16 site=Princeton1 complete
S7.0 N=32 site=goeppingen_I complete
S7.0 N=32 site=skyhubfr complete
S7.0 N=32 site=BGSOFIAMLADOST01 complete
S7.0 N=32 site=Bandon_Oregon_GAP1 complete
S7.0 N=32 site=EDLV complete
S7.0 N=32 site=vlenders_burgdorf complete
S7.0 N=32 site=Andrew_GVA complete
S7.0 N=32 site=donostia-ategorrieta complete
S7.0 N=32 site=alcorcon1 complete
S7.0 N=32 site=Valbella complete
S7.0 N=32 site=scalessio complete
S7.0 N=32 site=HuldOne complete
S7.0 N=32 site=BZ_Italy complete
S7.0 N=32 site=SP8AKM complete
S7.0 N=32 site=miguel_murcia complete
S7.0 N=32 site=Rapallo_Electrosense complete
S7.0 N=32 site=Zagreb complete
S7.0 N=32 site=Nudelsalat_RPi complete
S7.0 N=32 site=bcn-L complete
S7.0 N=32 site=Espi1 complete
S7.0 N=32 site=Sashatka complete
S7.0 N=32 site=NFM-Electrosense-01 complete
S7.0 N=32 site=imdea_adsb complete
S7.0 N=32 site=dipolkurz complete
S7.0 N=32 site=CYD_EPFL_S complete
S7.0 N=32 site=Giansense complete
S7.0 N=32 site=Britof complete
S7.0 N=32 site=Defcon1 complete
S7.0 N=32 site=Oreland complete
S7.0 N=32 site=PiSDR1 complete
S7.0 N=32 site=Skap_French_Riviera complete
S7.0 N=32 site=Geneva complete
S7.0 N=32 site=URJC1 complete
S7.0 N=32 site=Princeton1 complete
S7.0 N=64 site=goeppingen_I complete
S7.0 N=64 site=skyhubfr complete
S7.0 N=64 site=BGSOFIAMLADOST01 complete
S7.0 N=64 site=Bandon_Oregon_GAP1 complete
S7.0 N=64 site=EDLV complete
S7.0 N=64 site=vlenders_burgdorf complete
S7.0 N=64 site=Andrew_GVA complete
S7.0 N=64 site=donostia-ategorrieta complete
S7.0 N=64 site=alcorcon1 complete
S7.0 N=64 site=Valbella complete
S7.0 N=64 site=scalessio complete
S7.0 N=64 site=HuldOne complete
S7.0 N=64 site=BZ_Italy complete
S7.0 N=64 site=SP8AKM complete
S7.0 N=64 site=miguel_murcia complete
S7.0 N=64 site=Rapallo_Electrosense complete
S7.0 N=64 site=Zagreb complete
S7.0 N=64 site=Nudelsalat_RPi complete
S7.0 N=64 site=bcn-L complete
S7.0 N=64 site=Espi1 complete
S7.0 N=64 site=Sashatka complete
S7.0 N=64 site=NFM-Electrosense-01 complete
S7.0 N=64 site=imdea_adsb complete
S7.0 N=64 site=dipolkurz complete
S7.0 N=64 site=CYD_EPFL_S complete
S7.0 N=64 site=Giansense complete
S7.0 N=64 site=Britof complete
S7.0 N=64 site=Defcon1 complete
S7.0 N=64 site=Oreland complete
S7.0 N=64 site=PiSDR1 complete
S7.0 N=64 site=Skap_French_Riviera complete
S7.0 N=64 site=Geneva complete
S7.0 N=64 site=URJC1 complete
S7.0 N=64 site=Princeton1 complete
{
  "passing_n_count": 4,
  "required_passing_n_count": 3,
  "oracle_headroom_gate_passed": true,
  "next_action": "continue_to_s7_1_strong_baselines_and_causal_features"
}
Wrote C:\Users\Lenovo\Desktop\ÏîÄ¿\rag-deepspace\uav_spectrum_semcom_project\results\stage7\s7_0_oracle_headroom_v1\result.json
