Final N=8 site=EDLV decision=BANK:aerpaw_packapalooza_2025
Final N=8 site=vlenders_burgdorf decision=UNRESOLVED_EXACT_FALLBACK
Final N=8 site=Andrew_GVA decision=BANK:aerpaw_packapalooza_2023
Final N=8 site=donostia-ategorrieta decision=BANK:aerpaw_packapalooza_2025
Final N=8 site=alcorcon1 decision=BANK:aerpaw_packapalooza_2025
Final N=8 site=Valbella decision=BANK:aerpaw_packapalooza_2025
Final N=8 site=scalessio decision=BANK:aerpaw_packapalooza_2025
Final N=8 site=HuldOne decision=BANK:aerpaw_packapalooza_2025
Final N=8 site=BZ_Italy decision=BANK:aerpaw_packapalooza_2023
Final N=8 site=SP8AKM decision=BANK:aerpaw_packapalooza_2025
Final N=8 site=miguel_murcia decision=UNRESOLVED_EXACT_FALLBACK
Final N=8 site=Rapallo_Electrosense decision=BANK:aerpaw_packapalooza_2023
Final N=8 site=Zagreb decision=UNRESOLVED_EXACT_FALLBACK
Final N=8 site=Nudelsalat_RPi decision=BANK:aerpaw_packapalooza_2025
Final N=8 site=bcn-L decision=BANK:aerpaw_packapalooza_2025
Final N=8 site=Espi1 decision=UNRESOLVED_EXACT_FALLBACK
Final N=8 site=Sashatka decision=BANK:aerpaw_packapalooza_2025
Final N=8 site=NFM-Electrosense-01 decision=BANK:aerpaw_packapalooza_2023
Final N=8 site=imdea_adsb decision=BANK:aerpaw_packapalooza_2025
Final N=8 site=dipolkurz decision=BANK:aerpaw_packapalooza_2025
Final N=8 site=CYD_EPFL_S decision=UNRESOLVED_EXACT_FALLBACK
Final N=8 site=Giansense decision=BANK:aerpaw_packapalooza_2025
Final N=8 site=Britof decision=BANK:aerpaw_lake_wheeler_2024
Final N=8 site=Defcon1 decision=BANK:aerpaw_packapalooza_2023
Final N=16 site=EDLV decision=BANK:aerpaw_packapalooza_2025
Final N=16 site=vlenders_burgdorf decision=UNRESOLVED_EXACT_FALLBACK
Final N=16 site=Andrew_GVA decision=BANK:aerpaw_packapalooza_2023
Final N=16 site=donostia-ategorrieta decision=BANK:aerpaw_packapalooza_2025
Final N=16 site=alcorcon1 decision=BANK:aerpaw_packapalooza_2025
Final N=16 site=Valbella decision=BANK:aerpaw_packapalooza_2025
Final N=16 site=scalessio decision=BANK:aerpaw_packapalooza_2025
Final N=16 site=HuldOne decision=BANK:aerpaw_packapalooza_2025
Final N=16 site=BZ_Italy decision=BANK:aerpaw_packapalooza_2023
Final N=16 site=SP8AKM decision=BANK:aerpaw_packapalooza_2025
Final N=16 site=miguel_murcia decision=UNRESOLVED_EXACT_FALLBACK
Final N=16 site=Rapallo_Electrosense decision=BANK:aerpaw_packapalooza_2023
Final N=16 site=Zagreb decision=UNRESOLVED_EXACT_FALLBACK
Final N=16 site=Nudelsalat_RPi decision=BANK:aerpaw_packapalooza_2025
Final N=16 site=bcn-L decision=BANK:aerpaw_packapalooza_2025
Final N=16 site=Espi1 decision=UNRESOLVED_EXACT_FALLBACK
Final N=16 site=Sashatka decision=BANK:aerpaw_packapalooza_2025
Final N=16 site=NFM-Electrosense-01 decision=BANK:aerpaw_packapalooza_2023
Final N=16 site=imdea_adsb decision=BANK:aerpaw_packapalooza_2025
Final N=16 site=dipolkurz decision=BANK:aerpaw_packapalooza_2025
Final N=16 site=CYD_EPFL_S decision=UNRESOLVED_EXACT_FALLBACK
Final N=16 site=Giansense decision=BANK:aerpaw_packapalooza_2025
Final N=16 site=Britof decision=BANK:aerpaw_lake_wheeler_2024
Final N=16 site=Defcon1 decision=BANK:aerpaw_packapalooza_2023
Final N=32 site=EDLV decision=BANK:aerpaw_packapalooza_2025
Final N=32 site=vlenders_burgdorf decision=UNRESOLVED_EXACT_FALLBACK
Final N=32 site=Andrew_GVA decision=BANK:aerpaw_packapalooza_2023
Final N=32 site=donostia-ategorrieta decision=BANK:aerpaw_packapalooza_2025
Final N=32 site=alcorcon1 decision=BANK:aerpaw_packapalooza_2025
Final N=32 site=Valbella decision=BANK:aerpaw_packapalooza_2025
Final N=32 site=scalessio decision=BANK:aerpaw_packapalooza_2025
Final N=32 site=HuldOne decision=UNRESOLVED_EXACT_FALLBACK
Final N=32 site=BZ_Italy decision=BANK:aerpaw_packapalooza_2023
Final N=32 site=SP8AKM decision=BANK:aerpaw_packapalooza_2025
Final N=32 site=miguel_murcia decision=UNRESOLVED_EXACT_FALLBACK
Final N=32 site=Rapallo_Electrosense decision=BANK:aerpaw_packapalooza_2023
Final N=32 site=Zagreb decision=UNRESOLVED_EXACT_FALLBACK
Final N=32 site=Nudelsalat_RPi decision=BANK:aerpaw_packapalooza_2025
Final N=32 site=bcn-L decision=BANK:aerpaw_packapalooza_2025
Final N=32 site=Espi1 decision=UNRESOLVED_EXACT_FALLBACK
Final N=32 site=Sashatka decision=BANK:aerpaw_packapalooza_2025
Final N=32 site=NFM-Electrosense-01 decision=BANK:aerpaw_packapalooza_2023
Final N=32 site=imdea_adsb decision=BANK:aerpaw_packapalooza_2025
Final N=32 site=dipolkurz decision=BANK:aerpaw_packapalooza_2025
Final N=32 site=CYD_EPFL_S decision=UNRESOLVED_EXACT_FALLBACK
Final N=32 site=Giansense decision=BANK:aerpaw_packapalooza_2025
Final N=32 site=Britof decision=BANK:aerpaw_lake_wheeler_2024
Final N=32 site=Defcon1 decision=BANK:aerpaw_packapalooza_2023
Final N=64 site=EDLV decision=BANK:aerpaw_packapalooza_2025
Final N=64 site=vlenders_burgdorf decision=UNRESOLVED_EXACT_FALLBACK
Final N=64 site=Andrew_GVA decision=BANK:aerpaw_packapalooza_2023
Final N=64 site=donostia-ategorrieta decision=BANK:aerpaw_packapalooza_2025
Final N=64 site=alcorcon1 decision=BANK:aerpaw_packapalooza_2025
Final N=64 site=Valbella decision=BANK:aerpaw_packapalooza_2025
Final N=64 site=scalessio decision=BANK:aerpaw_packapalooza_2025
Final N=64 site=HuldOne decision=UNRESOLVED_EXACT_FALLBACK
Final N=64 site=BZ_Italy decision=BANK:aerpaw_packapalooza_2023
Final N=64 site=SP8AKM decision=BANK:aerpaw_packapalooza_2025
Final N=64 site=miguel_murcia decision=UNRESOLVED_EXACT_FALLBACK
Final N=64 site=Rapallo_Electrosense decision=UNRESOLVED_EXACT_FALLBACK
Final N=64 site=Zagreb decision=UNRESOLVED_EXACT_FALLBACK
Final N=64 site=Nudelsalat_RPi decision=BANK:aerpaw_packapalooza_2025
Final N=64 site=bcn-L decision=BANK:aerpaw_packapalooza_2025
Final N=64 site=Espi1 decision=UNRESOLVED_EXACT_FALLBACK
Final N=64 site=Sashatka decision=BANK:aerpaw_packapalooza_2025
Final N=64 site=NFM-Electrosense-01 decision=BANK:aerpaw_packapalooza_2023
Final N=64 site=imdea_adsb decision=BANK:aerpaw_packapalooza_2025
Final N=64 site=dipolkurz decision=BANK:aerpaw_packapalooza_2025
Final N=64 site=CYD_EPFL_S decision=UNRESOLVED_EXACT_FALLBACK
Final N=64 site=Giansense decision=BANK:aerpaw_packapalooza_2025
Final N=64 site=Britof decision=BANK:aerpaw_lake_wheeler_2024
Final N=64 site=Defcon1 decision=BANK:aerpaw_packapalooza_2023
{
  "output": "C:\\Users\\Lenovo\\Desktop\\ÏîÄ¿\\rag-deepspace\\uav_spectrum_semcom_project\\results\\stage6r\\electrosense_external_final_v1\\result.json",
  "verification_status": "FAILED",
  "primary_gate_passed": false,
  "checks": {
    "registered_final_site_count": 24,
    "evaluable_site_count": 24,
    "minimum_evaluable_site_gate_passed": true,
    "semantic_clean_ci_lower_gate_passed_all_n": false,
    "scene_weighted_savings_ci_lower_positive_all_n": true,
    "equal_site_macro_savings_ci_lower_positive_n_count": 4,
    "equal_site_macro_gate_passed": true,
    "all_wrong_codebook_decode_counts_zero": true,
    "all_bit_accounting_identities_valid": true,
    "no_final_site_replacement": true,
    "confirmation_lockbox_access_count": 0
  },
  "elapsed_seconds": 218.94991599999958
}
